blob_subtype: 0 (FLE1EncryptionPlaceholder)
a (algorithm): 1 (Deterministic)
ki (keyId): b'aaaaaaaaaaaaaaaa' 
v (value): 457-55-5462 
