blob_subtype: 4 (FLE2InsertUpdatePayload)
d (EDCDerivedFromDataTokenAndCounter): 8bfa554208766b47769819a09de32359a5d42d8f4696d584367e28b00d628b64 
s (ESCDerivedFromDataTokenAndCounter): 187aa76e53cda9aa8ebc31222e384f122e86b7d63fb628480d50998e98c7af19 
c (ECCDerivedFromDataTokenAndCounter): 30c447d55fbb8606a28610c4851ef41a574366043c08335ab202e52374f610f5 
p (Encrypted tokens): 8d35014411fd698d40cf45d1b0a661252795f5adff454c1b44eb699150053a552785a32656834b686b08856796e83399e3a2b05164c7866f2c6c794d7af06c9d1d453d35d63d41c501c4440ba052a78e 
u (IndexKeyId): b'"\xe3#\'\x0f\xecFu\xbf"\xfe\x891\xdb\xc22' 
t (Encrypted type): 2 
v (Encrypted value): 22e323270fec4675bf22fe8931dbc2327b8a5270280136408fee7447d13240894ef46d870048cebdf3dbea0ece598805b35a20ab38d7c5e64395237519f8d05b7fa704c03af8a96b62 
e (ServerDataEncryptionLevel1Token): 393c45102812803fcf292a6e4f1671d6f5a6518fc4d17799746e8c9373268fd4 
IV data:
"\x8d\x35\x01\x44\x11\xfd\x69\x8d\x40\xcf\x45\xd1\xb0\xa6\x61\x25" \
"\x7b\x8a\x52\x70\x28\x01\x36\x40\x8f\xee\x74\x47\xd1\x32\x40\x89" \
